// Jest Snapshot v1, https://goo.gl/fbAQLP

exports[`<ModalComponent/> 1`] = `null`;
