// Jest Snapshot v1, https://goo.gl/fbAQLP

exports[`<Profile/> 1`] = `
<div>
  Profile setting here!
</div>
`;
